// Jest Snapshot v1, https://goo.gl/fbAQLP

exports[`Pruebas en GifItem debe de hacer match con el snapshot 1`] = `
<div>
  <div
    class="card"
  >
    <img
      alt="samurai x"
      src="https://samurai-x.com/kenshin.jpg"
    />
    <p>
      samurai x
       
    </p>
  </div>
</div>
`;
